---
source: crates/ridge-codegen-erl/tests/core_ast_snapshot.rs
expression: "&cerl_module"
---
CErlModule {
    name: CErlAtom(
        "ridge_module_0",
    ),
    exports: [],
    attributes: [],
    fns: [
        CErlFn {
            name: CErlAtom(
                "safe_head",
            ),
            arity: 1,
            anns: [
                CErlAnn(
                    "%% File: <source>, Offset: 0",
                ),
                CErlAnn(
                    "%% Caps: {}",
                ),
            ],
            body: Fun {
                params: [
                    CErlVar(
                        "V_Xs",
                    ),
                ],
                body: Lit(
                    Atom(
                        CErlAtom(
                            "none",
                        ),
                    ),
                ),
            },
        },
        CErlFn {
            name: CErlAtom(
                "propagate_option",
            ),
            arity: 1,
            anns: [
                CErlAnn(
                    "%% File: <source>, Offset: 54",
                ),
                CErlAnn(
                    "%% Caps: {}",
                ),
            ],
            body: Fun {
                params: [
                    CErlVar(
                        "V_Xs",
                    ),
                ],
                body: Try {
                    body: Let {
                        var: CErlVar(
                            "V_H",
                        ),
                        value: Let {
                            var: CErlVar(
                                "V_Anf0",
                            ),
                            value: Apply {
                                callee: LocalFnRef {
                                    name: CErlAtom(
                                        "safe_head",
                                    ),
                                    arity: 1,
                                },
                                args: [
                                    Var(
                                        CErlVar(
                                            "V_Xs",
                                        ),
                                    ),
                                ],
                            },
                            body: Case {
                                scrutinee: Var(
                                    CErlVar(
                                        "V_Anf0",
                                    ),
                                ),
                                clauses: [
                                    CErlClause {
                                        pattern: Tuple(
                                            [
                                                Lit(
                                                    Atom(
                                                        CErlAtom(
                                                            "some",
                                                        ),
                                                    ),
                                                ),
                                                Var(
                                                    CErlVar(
                                                        "V_PropSome0",
                                                    ),
                                                ),
                                            ],
                                        ),
                                        guard: Lit(
                                            Atom(
                                                CErlAtom(
                                                    "true",
                                                ),
                                            ),
                                        ),
                                        body: Var(
                                            CErlVar(
                                                "V_PropSome0",
                                            ),
                                        ),
                                    },
                                    CErlClause {
                                        pattern: Lit(
                                            Atom(
                                                CErlAtom(
                                                    "none",
                                                ),
                                            ),
                                        ),
                                        guard: Lit(
                                            Atom(
                                                CErlAtom(
                                                    "true",
                                                ),
                                            ),
                                        ),
                                        body: Let {
                                            var: CErlVar(
                                                "V_Anf1",
                                            ),
                                            value: Tuple(
                                                [
                                                    Lit(
                                                        Atom(
                                                            CErlAtom(
                                                                "ridge_return",
                                                            ),
                                                        ),
                                                    ),
                                                    Lit(
                                                        Atom(
                                                            CErlAtom(
                                                                "none",
                                                            ),
                                                        ),
                                                    ),
                                                ],
                                            ),
                                            body: Call {
                                                module: CErlAtom(
                                                    "erlang",
                                                ),
                                                fn_name: CErlAtom(
                                                    "throw",
                                                ),
                                                args: [
                                                    Var(
                                                        CErlVar(
                                                            "V_Anf1",
                                                        ),
                                                    ),
                                                ],
                                            },
                                        },
                                    },
                                ],
                            },
                        },
                        body: Let {
                            var: CErlVar(
                                "V_Anf2",
                            ),
                            value: Call {
                                module: CErlAtom(
                                    "erlang",
                                ),
                                fn_name: CErlAtom(
                                    "+",
                                ),
                                args: [
                                    Var(
                                        CErlVar(
                                            "V_H",
                                        ),
                                    ),
                                    Lit(
                                        Int(
                                            1,
                                        ),
                                    ),
                                ],
                            },
                            body: Tuple(
                                [
                                    Lit(
                                        Atom(
                                            CErlAtom(
                                                "some",
                                            ),
                                        ),
                                    ),
                                    Var(
                                        CErlVar(
                                            "V_Anf2",
                                        ),
                                    ),
                                ],
                            ),
                        },
                    },
                    of: [
                        CErlClause {
                            pattern: Var(
                                CErlVar(
                                    "V_Result",
                                ),
                            ),
                            guard: Lit(
                                Atom(
                                    CErlAtom(
                                        "true",
                                    ),
                                ),
                            ),
                            body: Var(
                                CErlVar(
                                    "V_Result",
                                ),
                            ),
                        },
                    ],
                    catch: [
                        CErlClause {
                            pattern: Tuple(
                                [
                                    Var(
                                        CErlVar(
                                            "V_ExcClass",
                                        ),
                                    ),
                                    Var(
                                        CErlVar(
                                            "V_ExcValue",
                                        ),
                                    ),
                                    Var(
                                        CErlVar(
                                            "V_ExcStk",
                                        ),
                                    ),
                                ],
                            ),
                            guard: Lit(
                                Atom(
                                    CErlAtom(
                                        "true",
                                    ),
                                ),
                            ),
                            body: Case {
                                scrutinee: Var(
                                    CErlVar(
                                        "V_ExcClass",
                                    ),
                                ),
                                clauses: [
                                    CErlClause {
                                        pattern: Lit(
                                            Atom(
                                                CErlAtom(
                                                    "throw",
                                                ),
                                            ),
                                        ),
                                        guard: Lit(
                                            Atom(
                                                CErlAtom(
                                                    "true",
                                                ),
                                            ),
                                        ),
                                        body: Case {
                                            scrutinee: Var(
                                                CErlVar(
                                                    "V_ExcValue",
                                                ),
                                            ),
                                            clauses: [
                                                CErlClause {
                                                    pattern: Tuple(
                                                        [
                                                            Lit(
                                                                Atom(
                                                                    CErlAtom(
                                                                        "ridge_return",
                                                                    ),
                                                                ),
                                                            ),
                                                            Var(
                                                                CErlVar(
                                                                    "V_Return",
                                                                ),
                                                            ),
                                                        ],
                                                    ),
                                                    guard: Lit(
                                                        Atom(
                                                            CErlAtom(
                                                                "true",
                                                            ),
                                                        ),
                                                    ),
                                                    body: Var(
                                                        CErlVar(
                                                            "V_Return",
                                                        ),
                                                    ),
                                                },
                                                CErlClause {
                                                    pattern: Var(
                                                        CErlVar(
                                                            "V_OtherErr",
                                                        ),
                                                    ),
                                                    guard: Lit(
                                                        Atom(
                                                            CErlAtom(
                                                                "true",
                                                            ),
                                                        ),
                                                    ),
                                                    body: Call {
                                                        module: CErlAtom(
                                                            "erlang",
                                                        ),
                                                        fn_name: CErlAtom(
                                                            "raise",
                                                        ),
                                                        args: [
                                                            Lit(
                                                                Atom(
                                                                    CErlAtom(
                                                                        "throw",
                                                                    ),
                                                                ),
                                                            ),
                                                            Var(
                                                                CErlVar(
                                                                    "V_OtherErr",
                                                                ),
                                                            ),
                                                            Lit(
                                                                Nil,
                                                            ),
                                                        ],
                                                    },
                                                },
                                            ],
                                        },
                                    },
                                    CErlClause {
                                        pattern: Var(
                                            CErlVar(
                                                "V_OtherClass",
                                            ),
                                        ),
                                        guard: Lit(
                                            Atom(
                                                CErlAtom(
                                                    "true",
                                                ),
                                            ),
                                        ),
                                        body: Call {
                                            module: CErlAtom(
                                                "erlang",
                                            ),
                                            fn_name: CErlAtom(
                                                "raise",
                                            ),
                                            args: [
                                                Var(
                                                    CErlVar(
                                                        "V_OtherClass",
                                                    ),
                                                ),
                                                Var(
                                                    CErlVar(
                                                        "V_ExcValue",
                                                    ),
                                                ),
                                                Lit(
                                                    Nil,
                                                ),
                                            ],
                                        },
                                    },
                                ],
                            },
                        },
                    ],
                },
            },
        },
    ],
}
