---
source: crates/ridge-lower/tests/snapshots.rs
expression: rendered
---
module: m0
items_count: 5
items:
  - kind: actor
    name: Limiter
    pub: false
    state_fields:
      - name: capacity
        ty: Con(0)
      - name: tokens
        ty: Con(1)
      - name: refillRate
        ty: Con(1)
      - name: lastRefill
        ty: Con(5)
    init:
      caps: CapabilitySet(0)
      params:
        - name: cap
          ty: Con(0)
        - name: rate
          ty: Con(1)
      body:
        Block(n0):
          Assign(n1) -> StateField(capacity):
            Local(n2): cap
          Block(n3):
            Assign(n4) -> StateField(tokens):
              Call(n5):
                callee:
                  Symbol(n6): Stdlib(std.float.fromInt)
                args:
                  -
                    Local(n7): cap
            Block(n8):
              Assign(n9) -> StateField(refillRate):
                Local(n10): rate
              Assign(n11) -> StateField(lastRefill):
                Call(n12):
                  callee:
                    Symbol(n13): Stdlib(std.time.now)
                  args:
                    -
                      Lit(n14): Unit
    handlers:
      - message: allow
        caps: CapabilitySet(8)
        ret_ty: Con(2)
        params: []
        body:
          LetIn(n15):
            pat:
              Bind: now
            value:
              Call(n16):
                callee:
                  Symbol(n17): Stdlib(std.time.now)
                args:
                  -
                    Lit(n18): Unit
            body:
              LetIn(n19):
                pat:
                  Bind: elapsedMs
                value:
                  Call(n20):
                    callee:
                      Symbol(n21): Stdlib(std.time.diffMs)
                    args:
                      -
                        Field(n22).lastRefill:
                          Local(n23): __state
                      -
                        Local(n24): now
                body:
                  LetIn(n25):
                    pat:
                      Bind: elapsed
                    value:
                      Call(n26):
                        callee:
                          Symbol(n27): Stdlib(std.float.div)
                        args:
                          -
                            Call(n28):
                              callee:
                                Symbol(n29): Stdlib(std.float.fromInt)
                              args:
                                -
                                  Local(n30): elapsedMs
                          -
                            Lit(n31): Float(1000)
                    body:
                      LetIn(n32):
                        pat:
                          Bind: refilled
                        value:
                          Call(n33):
                            callee:
                              Symbol(n34): Stdlib(std.float.add)
                            args:
                              -
                                Field(n35).tokens:
                                  Local(n36): __state
                              -
                                Call(n37):
                                  callee:
                                    Symbol(n38): Stdlib(std.float.mul)
                                  args:
                                    -
                                      Local(n39): elapsed
                                    -
                                      Field(n40).refillRate:
                                        Local(n41): __state
                        body:
                          LetIn(n42):
                            pat:
                              Bind: capped
                            value:
                              Match(n43):
                                scrutinee:
                                  Call(n44):
                                    callee:
                                      Symbol(n45): Stdlib(std.op.gt)
                                    args:
                                      -
                                        Local(n46): refilled
                                      -
                                        Call(n47):
                                          callee:
                                            Symbol(n48): Stdlib(std.float.fromInt)
                                          args:
                                            -
                                              Field(n49).capacity:
                                                Local(n50): __state
                                arms:
                                  -
                                    pat:
                                      Lit: Bool(true)
                                    body:
                                      Call(n51):
                                        callee:
                                          Symbol(n52): Stdlib(std.float.fromInt)
                                        args:
                                          -
                                            Field(n53).capacity:
                                              Local(n54): __state
                                  -
                                    pat:
                                      Lit: Bool(false)
                                    body:
                                      Local(n55): refilled
                            body:
                              Block(n56):
                                Assign(n57) -> StateField(lastRefill):
                                  Local(n58): now
                                Match(n59):
                                  scrutinee:
                                    Call(n60):
                                      callee:
                                        Symbol(n61): Stdlib(std.op.ge)
                                      args:
                                        -
                                          Local(n62): capped
                                        -
                                          Lit(n63): Float(1)
                                  arms:
                                    -
                                      pat:
                                        Lit: Bool(true)
                                      body:
                                        Block(n64):
                                          Assign(n65) -> StateField(tokens):
                                            Call(n66):
                                              callee:
                                                Symbol(n67): Stdlib(std.float.sub)
                                              args:
                                                -
                                                  Local(n68): capped
                                                -
                                                  Lit(n69): Float(1)
                                          Lit(n70): Bool(true)
                                    -
                                      pat:
                                        Lit: Bool(false)
                                      body:
                                        Block(n71):
                                          Assign(n72) -> StateField(tokens):
                                            Local(n73): capped
                                          Lit(n74): Bool(false)
  - kind: actor
    name: Collector
    pub: false
    state_fields:
      - name: received
        ty: Con(0)
      - name: totalAllowed
        ty: Con(0)
      - name: totalDenied
        ty: Con(0)
    init: null
    handlers:
      - message: report
        caps: CapabilitySet(1)
        ret_ty: Con(4)
        params:
          - name: allowed
            ty: Con(0)
          - name: denied
            ty: Con(0)
        body:
          Block(n75):
            Assign(n76) -> StateField(totalAllowed):
              Call(n77):
                callee:
                  Symbol(n78): Stdlib(std.int.add)
                args:
                  -
                    Field(n79).totalAllowed:
                      Local(n80): __state
                  -
                    Local(n81): allowed
            Block(n82):
              Assign(n83) -> StateField(totalDenied):
                Call(n84):
                  callee:
                    Symbol(n85): Stdlib(std.int.add)
                  args:
                    -
                      Field(n86).totalDenied:
                        Local(n87): __state
                    -
                      Local(n88): denied
              Block(n89):
                Assign(n90) -> StateField(received):
                  Call(n91):
                    callee:
                      Symbol(n92): Stdlib(std.int.add)
                    args:
                      -
                        Field(n93).received:
                          Local(n94): __state
                      -
                        Lit(n95): Int(1)
                Match(n96):
                  scrutinee:
                    Call(n97):
                      callee:
                        Symbol(n98): Stdlib(std.op.eq)
                      args:
                        -
                          Field(n99).received:
                            Local(n100): __state
                        -
                          Lit(n101): Int(5)
                  arms:
                    -
                      pat:
                        Lit: Bool(true)
                      body:
                        Block(n102):
                          Call(n103):
                            callee:
                              Symbol(n104): Stdlib(std.io.eprintln)
                            args:
                              -
                                Call(n105):
                                  callee:
                                    Symbol(n106): Stdlib(std.text.concat)
                                  args:
                                    -
                                      Lit(n107): Text("  Allowed : ")
                                    -
                                      Call(n108):
                                        callee:
                                          Symbol(n109): Stdlib(std.int.toText)
                                        args:
                                          -
                                            Field(n110).totalAllowed:
                                              Local(n111): __state
                          Block(n112):
                            Call(n113):
                              callee:
                                Symbol(n114): Stdlib(std.io.eprintln)
                              args:
                                -
                                  Call(n115):
                                    callee:
                                      Symbol(n116): Stdlib(std.text.concat)
                                    args:
                                      -
                                        Lit(n117): Text("  Denied  : ")
                                      -
                                        Call(n118):
                                          callee:
                                            Symbol(n119): Stdlib(std.int.toText)
                                          args:
                                            -
                                              Field(n120).totalDenied:
                                                Local(n121): __state
                            Block(n122):
                              Call(n123):
                                callee:
                                  Symbol(n124): Stdlib(std.io.println)
                                args:
                                  -
                                    Lit(n125): Text("-- Rate limiter results --------------")
                              Call(n126):
                                callee:
                                  Symbol(n127): Stdlib(std.io.println)
                                args:
                                  -
                                    Call(n128):
                                      callee:
                                        Symbol(n129): Stdlib(std.text.concat)
                                      args:
                                        -
                                          Lit(n130): Text("  Total   : ")
                                        -
                                          Call(n131):
                                            callee:
                                              Symbol(n132): Stdlib(std.int.toText)
                                            args:
                                              -
                                                Call(n133):
                                                  callee:
                                                    Symbol(n134): Stdlib(std.int.add)
                                                  args:
                                                    -
                                                      Field(n135).totalAllowed:
                                                        Local(n136): __state
                                                    -
                                                      Field(n137).totalDenied:
                                                        Local(n138): __state
                    -
                      pat:
                        Lit: Bool(false)
                      body:
                        Lit(n139): Unit
  - kind: const
    name: requestsPerWorker
    ty: Con(0)
    value:
      Lit(n140): Int(20)
  - kind: actor
    name: Worker
    pub: false
    state_fields:
      - name: workerId
        ty: Con(0)
      - name: limiter
        ty: Con(11) [Con(87)]
      - name: collector
        ty: Con(11) [Con(88)]
    init:
      caps: CapabilitySet(0)
      params:
        - name: id
          ty: Con(0)
        - name: l
          ty: Con(11) [Con(87)]
        - name: col
          ty: Con(11) [Con(88)]
      body:
        Block(n141):
          Assign(n142) -> StateField(workerId):
            Local(n143): id
          Block(n144):
            Assign(n145) -> StateField(limiter):
              Local(n146): l
            Assign(n147) -> StateField(collector):
              Local(n148): col
    handlers:
      - message: run
        caps: CapabilitySet(25)
        ret_ty: Con(4)
        params: []
        body:
          LetIn(n149):
            pat:
              Bind: sendRequests
            value:
              Lambda(n150):
                caps: CapabilitySet(0)
                params:
                  - name: remaining
                    ty: Con(0)
                  - name: allowed
                    ty: Con(0)
                  - name: denied
                    ty: Con(0)
                body:
                  Match(n151):
                    scrutinee:
                      Call(n152):
                        callee:
                          Symbol(n153): Stdlib(std.op.gt)
                        args:
                          -
                            Local(n154): remaining
                          -
                            Lit(n155): Int(0)
                    arms:
                      -
                        pat:
                          Lit: Bool(true)
                        body:
                          LetIn(n156):
                            pat:
                              Bind: delayMs
                            value:
                              Call(n157):
                                callee:
                                  Symbol(n158): Stdlib(std.random.int)
                                args:
                                  -
                                    Lit(n159): Int(0)
                                  -
                                    Lit(n160): Int(50)
                            body:
                              Block(n161):
                                Call(n162):
                                  callee:
                                    Symbol(n163): Stdlib(std.time.sleep)
                                  args:
                                    -
                                      Local(n164): delayMs
                                LetIn(n165):
                                  pat:
                                    Bind: granted
                                  value:
                                    Ask(n166) ?> Handler(m0..allow):
                                      handle:
                                        Field(n167).limiter:
                                          Local(n168): __state
                                  body:
                                    Match(n169):
                                      scrutinee:
                                        Local(n170): granted
                                      arms:
                                        -
                                          pat:
                                            Lit: Bool(true)
                                          body:
                                            Call(n171):
                                              callee:
                                                Local(n172): sendRequests
                                              args:
                                                -
                                                  Call(n173):
                                                    callee:
                                                      Symbol(n174): Stdlib(std.int.sub)
                                                    args:
                                                      -
                                                        Local(n175): remaining
                                                      -
                                                        Lit(n176): Int(1)
                                                -
                                                  Call(n177):
                                                    callee:
                                                      Symbol(n178): Stdlib(std.int.add)
                                                    args:
                                                      -
                                                        Local(n179): allowed
                                                      -
                                                        Lit(n180): Int(1)
                                                -
                                                  Local(n181): denied
                                        -
                                          pat:
                                            Lit: Bool(false)
                                          body:
                                            Call(n182):
                                              callee:
                                                Local(n183): sendRequests
                                              args:
                                                -
                                                  Call(n184):
                                                    callee:
                                                      Symbol(n185): Stdlib(std.int.sub)
                                                    args:
                                                      -
                                                        Local(n186): remaining
                                                      -
                                                        Lit(n187): Int(1)
                                                -
                                                  Local(n188): allowed
                                                -
                                                  Call(n189):
                                                    callee:
                                                      Symbol(n190): Stdlib(std.int.add)
                                                    args:
                                                      -
                                                        Local(n191): denied
                                                      -
                                                        Lit(n192): Int(1)
                      -
                        pat:
                          Lit: Bool(false)
                        body:
                          Return(n193):
                            Send(n194) ! Handler(m0..report):
                              handle:
                                Field(n195).collector:
                                  Local(n196): __state
                              args:
                                Local(n197): allowed
                                Local(n198): denied
            body:
              Call(n199):
                callee:
                  Local(n200): sendRequests
                args:
                  -
                    Symbol(n201): Local(requestsPerWorker @ m0)
                  -
                    Lit(n202): Int(0)
                  -
                    Lit(n203): Int(0)
  - kind: fn
    name: main
    pub: false
    main: true
    caps: CapabilitySet(137)
    ret_ty: Con(10) [Con(4), Con(12)]
    params: []
    body:
      LetIn(n204):
        pat:
          Bind: limiter
        value:
          Spawn(n205) ActorType(Limiter @ m0):
            args:
              Lit(n206): Int(10)
              Lit(n207): Float(2)
        body:
          LetIn(n208):
            pat:
              Bind: collector
            value:
              Spawn(n209) ActorType(Collector @ m0):
                args: []
            body:
              LetIn(n210):
                pat:
                  Bind: workers
                value:
                  Call(n211):
                    callee:
                      Symbol(n212): Stdlib(std.list.map)
                    args:
                      -
                        Lambda(n213):
                          caps: CapabilitySet(0)
                          params:
                            - name: id
                              ty: Con(0)
                          body:
                            Spawn(n214) ActorType(Worker @ m0):
                              args:
                                Local(n215): id
                                Local(n216): limiter
                                Local(n217): collector
                      -
                        Call(n218):
                          callee:
                            Symbol(n219): Stdlib(std.list.range)
                          args:
                            -
                              Lit(n220): Int(1)
                            -
                              Lit(n221): Int(5)
                body:
                  Block(n222):
                    Call(n223):
                      callee:
                        Symbol(n224): Stdlib(std.list.forEach)
                      args:
                        -
                          Lambda(n225):
                            caps: CapabilitySet(0)
                            params:
                              - name: w
                                ty: Con(11) [Con(89)]
                            body:
                              Send(n226) ! Handler(m0..run):
                                handle:
                                  Local(n227): w
                        -
                          Local(n228): workers
                    Block(n229):
                      Call(n230):
                        callee:
                          Symbol(n231): Stdlib(std.time.sleep)
                        args:
                          -
                            Lit(n232): Int(6000)
                      Block(n233):
                        Call(n234):
                          callee:
                            Symbol(n235): Stdlib(std.io.println)
                          args:
                            -
                              Lit(n236): Text("Done.")
                        Call(n237):
                          callee:
                            Symbol(n238): Prelude(Ok)
                          args:
                            -
                              Lit(n239): Unit
