---
source: crates/ridge-lower/tests/snapshots.rs
expression: rendered
---
module: m0
items_count: 10
items:
  - kind: const
    name: alphabet
    ty: Con(3)
    value:
      Lit(n0): Text("abcdefghijklmnopqrstuvwxyzABCDEFGHIJKLMNOPQRSTUVWXYZ0123456789")
  - kind: const
    name: codeLen
    ty: Con(0)
    value:
      Lit(n1): Int(6)
  - kind: fn
    name: genCode
    pub: false
    main: false
    caps: CapabilitySet(16)
    ret_ty: Con(3)
    params: []
    body:
      LetIn(n2):
        pat:
          Bind: chars
        value:
          Call(n3):
            callee:
              Symbol(n4): Stdlib(std.text.split)
            args:
              -
                Lit(n5): Text("")
              -
                Symbol(n6): Local(alphabet @ m0)
        body:
          Call(n7):
            callee:
              Symbol(n8): Stdlib(std.list.fold)
            args:
              -
                Lambda(n9):
                  caps: CapabilitySet(0)
                  params:
                    - name: acc
                      ty: Con(3)
                    - name: c
                      ty: Con(3)
                  body:
                    Call(n10):
                      callee:
                        Symbol(n11): Stdlib(std.text.concat)
                      args:
                        -
                          Local(n12): acc
                        -
                          Local(n13): c
              -
                Lit(n14): Text("")
              -
                Call(n15):
                  callee:
                    Symbol(n16): Stdlib(std.list.map)
                  args:
                    -
                      Lambda(n17):
                        caps: CapabilitySet(0)
                        params:
                          - name: _
                            ty: Con(0)
                        body:
                          Call(n18):
                            callee:
                              Symbol(n19): Stdlib(std.option.withDefault)
                            args:
                              -
                                Lit(n20): Text("a")
                              -
                                Call(n21):
                                  callee:
                                    Symbol(n22): Stdlib(std.random.choice)
                                  args:
                                    -
                                      Local(n23): chars
                    -
                      Call(n24):
                        callee:
                          Symbol(n25): Stdlib(std.list.range)
                        args:
                          -
                            Lit(n26): Int(1)
                          -
                            Symbol(n27): Local(codeLen @ m0)
  - kind: actor
    name: Store
    pub: false
    state_fields:
      - name: table
        ty: Con(7) [Con(3), Con(3)]
    init: null
    terminate: null
    handlers:
      - message: shorten
        caps: CapabilitySet(24)
        ret_ty: Con(3)
        params:
          - name: url
            ty: Con(3)
        body:
          LetIn(n28):
            pat:
              Bind: existing
            value:
              Call(n29):
                callee:
                  Symbol(n30): Stdlib(std.list.find)
                args:
                  -
                    Lambda(n31):
                      caps: CapabilitySet(0)
                      params:
                        - name: __tuple_param_0
                          ty: Type
                      body:
                        Match(n32):
                          scrutinee:
                            Local(n33): __tuple_param_0
                          arms:
                            -
                              pat:
                                Tuple:
                                  Wild
                                  Bind: v
                              body:
                                Call(n34):
                                  callee:
                                    Symbol(n35): Stdlib(std.op.eq)
                                  args:
                                    -
                                      Local(n36): v
                                    -
                                      Local(n37): url
                  -
                    Call(n38):
                      callee:
                        Symbol(n39): Stdlib(std.map.toList)
                      args:
                        -
                          Field(n40).table:
                            Local(n41): __state
            body:
              Match(n42):
                scrutinee:
                  Local(n43): existing
                arms:
                  -
                    pat:
                      Ctor: Prelude(Some)
                        args:
                          Tuple:
                            Bind: code
                            Wild
                    body:
                      Local(n44): code
                  -
                    pat:
                      Ctor: Prelude(None)
                    body:
                      LetIn(n45):
                        pat:
                          Bind: code
                        value:
                          Call(n46):
                            callee:
                              Symbol(n47): Local(genCode @ m0)
                            args: []
                        body:
                          Block(n48):
                            Assign(n49) -> StateField(table):
                              Call(n50):
                                callee:
                                  Symbol(n51): Stdlib(std.map.insert)
                                args:
                                  -
                                    Local(n52): code
                                  -
                                    Local(n53): url
                                  -
                                    Field(n54).table:
                                      Local(n55): __state
                            Local(n56): code
      - message: lookup
        caps: CapabilitySet(0)
        ret_ty: Con(9) [Con(3)]
        params:
          - name: code
            ty: Con(3)
        body:
          Call(n57):
            callee:
              Symbol(n58): Stdlib(std.map.get)
            args:
              -
                Local(n59): code
              -
                Field(n60).table:
                  Local(n61): __state
  - kind: fn
    name: extractCode
    pub: false
    main: false
    caps: CapabilitySet(0)
    ret_ty: Con(9) [Con(3)]
    params:
      - name: path
        ty: Con(3)
    body:
      LetIn(n62):
        pat:
          Bind: parts
        value:
          Call(n63):
            callee:
              Symbol(n64): Stdlib(std.text.split)
            args:
              -
                Lit(n65): Text("/")
              -
                Local(n66): path
        body:
          Call(n67):
            callee:
              Symbol(n68): Stdlib(std.list.head)
            args:
              -
                Call(n69):
                  callee:
                    Symbol(n70): Stdlib(std.list.drop)
                  args:
                    -
                      Lit(n71): Int(1)
                    -
                      Local(n72): parts
  - kind: fn
    name: okText
    pub: false
    main: false
    caps: CapabilitySet(0)
    ret_ty: Con(105)
    params:
      - name: body
        ty: Con(3)
    body:
      Construct(n73):
        ctor: Ctor(Record:Response owner=105)
        fields:
          status:
            Lit(n74): Int(200)
          body:
            Local(n75): body
  - kind: fn
    name: notFound
    pub: false
    main: false
    caps: CapabilitySet(0)
    ret_ty: Con(105)
    params:
      - name: body
        ty: Con(3)
    body:
      Construct(n76):
        ctor: Ctor(Record:Response owner=105)
        fields:
          status:
            Lit(n77): Int(404)
          body:
            Local(n78): body
  - kind: fn
    name: redirect
    pub: false
    main: false
    caps: CapabilitySet(0)
    ret_ty: Con(105)
    params:
      - name: url
        ty: Con(3)
    body:
      Construct(n79):
        ctor: Ctor(Record:Response owner=105)
        fields:
          status:
            Lit(n80): Int(302)
          body:
            Call(n81):
              callee:
                Symbol(n82): Stdlib(std.text.concat)
              args:
                -
                  Lit(n83): Text("Redirecting to ")
                -
                  Local(n84): url
  - kind: fn
    name: badRequest
    pub: false
    main: false
    caps: CapabilitySet(0)
    ret_ty: Con(105)
    params:
      - name: body
        ty: Con(3)
    body:
      Construct(n85):
        ctor: Ctor(Record:Response owner=105)
        fields:
          status:
            Lit(n86): Int(400)
          body:
            Local(n87): body
  - kind: fn
    name: main
    pub: false
    main: true
    caps: CapabilitySet(141)
    ret_ty: Con(10) [Con(4), Con(12)]
    params: []
    body:
      LetIn(n88):
        pat:
          Bind: store
        value:
          Spawn(n89) ActorType(Store @ m0):
            args: []
        body:
          Block(n90):
            Call(n91):
              callee:
                Symbol(n92): Stdlib(std.io.println)
              args:
                -
                  Lit(n93): Text("URL shortener listening on :8080")
            Block(n94):
              Call(n95):
                callee:
                  Symbol(n96): Stdlib(std.net.http.listen)
                args:
                  -
                    Lit(n97): Int(8080)
                  -
                    Lambda(n98):
                      caps: CapabilitySet(0)
                      params:
                        - name: req
                          ty: Con(104)
                      body:
                        Match(n99):
                          scrutinee:
                            Tuple(n100):
                              Field(n101).method:
                                Local(n102): req
                              Field(n103).path:
                                Local(n104): req
                          arms:
                            -
                              pat:
                                Tuple:
                                  Lit: Text("POST")
                                  Lit: Text("/shorten")
                              body:
                                LetIn(n105):
                                  pat:
                                    Bind: url
                                  value:
                                    Call(n106):
                                      callee:
                                        Symbol(n107): Stdlib(std.text.trim)
                                      args:
                                        -
                                          Field(n108).body:
                                            Local(n109): req
                                  body:
                                    Match(n110):
                                      scrutinee:
                                        Call(n111):
                                          callee:
                                            Symbol(n112): Stdlib(std.op.ne)
                                          args:
                                            -
                                              Local(n113): url
                                            -
                                              Lit(n114): Text("")
                                      arms:
                                        -
                                          pat:
                                            Lit: Bool(true)
                                          body:
                                            LetIn(n115):
                                              pat:
                                                Bind: code
                                              value:
                                                Ask(n116) ?> Handler(m0..shorten):
                                                  handle:
                                                    Local(n117): store
                                                  args:
                                                    Local(n118): url
                                              body:
                                                Call(n119):
                                                  callee:
                                                    Symbol(n120): Local(okText @ m0)
                                                  args:
                                                    -
                                                      Call(n121):
                                                        callee:
                                                          Symbol(n122): Stdlib(std.text.concat)
                                                        args:
                                                          -
                                                            Lit(n123): Text("http://localhost:8080/")
                                                          -
                                                            Local(n124): code
                                        -
                                          pat:
                                            Lit: Bool(false)
                                          body:
                                            Return(n125):
                                              Call(n126):
                                                callee:
                                                  Symbol(n127): Local(badRequest @ m0)
                                                args:
                                                  -
                                                    Lit(n128): Text("URL body is required")
                            -
                              pat:
                                Tuple:
                                  Lit: Text("GET")
                                  Bind: path
                              when:
                                Call(n129):
                                  callee:
                                    Symbol(n130): Stdlib(std.op.ne)
                                  args:
                                    -
                                      Local(n131): path
                                    -
                                      Lit(n132): Text("/")
                              body:
                                LetIn(n133):
                                  pat:
                                    Bind: code
                                  value:
                                    Call(n134):
                                      callee:
                                        Symbol(n135): Stdlib(std.option.withDefault)
                                      args:
                                        -
                                          Lit(n136): Text("")
                                        -
                                          Call(n137):
                                            callee:
                                              Symbol(n138): Local(extractCode @ m0)
                                            args:
                                              -
                                                Local(n139): path
                                  body:
                                    Match(n140):
                                      scrutinee:
                                        Call(n141):
                                          callee:
                                            Symbol(n142): Stdlib(std.op.ne)
                                          args:
                                            -
                                              Local(n143): code
                                            -
                                              Lit(n144): Text("")
                                      arms:
                                        -
                                          pat:
                                            Lit: Bool(true)
                                          body:
                                            LetIn(n145):
                                              pat:
                                                Bind: target
                                              value:
                                                Ask(n146) ?> Handler(m0..lookup):
                                                  handle:
                                                    Local(n147): store
                                                  args:
                                                    Local(n148): code
                                              body:
                                                Match(n149):
                                                  scrutinee:
                                                    Local(n150): target
                                                  arms:
                                                    -
                                                      pat:
                                                        Ctor: Prelude(Some)
                                                          args:
                                                            Bind: url
                                                      body:
                                                        Call(n151):
                                                          callee:
                                                            Symbol(n152): Local(redirect @ m0)
                                                          args:
                                                            -
                                                              Local(n153): url
                                                    -
                                                      pat:
                                                        Ctor: Prelude(None)
                                                      body:
                                                        Call(n154):
                                                          callee:
                                                            Symbol(n155): Local(notFound @ m0)
                                                          args:
                                                            -
                                                              Call(n156):
                                                                callee:
                                                                  Symbol(n157): Stdlib(std.text.concat)
                                                                args:
                                                                  -
                                                                    Call(n158):
                                                                      callee:
                                                                        Symbol(n159): Stdlib(std.text.concat)
                                                                      args:
                                                                        -
                                                                          Lit(n160): Text("No URL found for code '")
                                                                        -
                                                                          Local(n161): code
                                                                  -
                                                                    Lit(n162): Text("'")
                                        -
                                          pat:
                                            Lit: Bool(false)
                                          body:
                                            Return(n163):
                                              Call(n164):
                                                callee:
                                                  Symbol(n165): Local(notFound @ m0)
                                                args:
                                                  -
                                                    Lit(n166): Text("Not found")
                            -
                              pat:
                                Wild
                              body:
                                Call(n167):
                                  callee:
                                    Symbol(n168): Local(notFound @ m0)
                                  args:
                                    -
                                      Lit(n169): Text("Not found")
              Call(n170):
                callee:
                  Symbol(n171): Prelude(Ok)
                args:
                  -
                    Lit(n172): Unit
