---
source: crates/ridge-lower/tests/snapshots.rs
expression: rendered
---
module: m0
items_count: 5
items:
  - kind: actor
    name: Limiter
    pub: false
    state_fields:
      - name: capacity
        ty: Con(0)
      - name: tokens
        ty: Con(1)
      - name: refillRate
        ty: Con(1)
      - name: lastRefill
        ty: Con(5)
    init:
      caps: CapabilitySet(8)
      params:
        - name: cap
          ty: Con(0)
        - name: rate
          ty: Con(1)
      body:
        Block(n0):
          Assign(n1) -> StateField(capacity):
            Local(n2): cap
          Block(n3):
            Assign(n4) -> StateField(tokens):
              Call(n5):
                callee:
                  Symbol(n6): Stdlib(std.float.fromInt)
                args:
                  -
                    Local(n7): cap
            Block(n8):
              Assign(n9) -> StateField(refillRate):
                Local(n10): rate
              Assign(n11) -> StateField(lastRefill):
                Call(n12):
                  callee:
                    Symbol(n13): Stdlib(std.time.now)
                  args: []
    terminate: null
    handlers:
      - message: allow
        caps: CapabilitySet(8)
        ret_ty: Con(2)
        params: []
        body:
          LetIn(n14):
            pat:
              Bind: now
            value:
              Call(n15):
                callee:
                  Symbol(n16): Stdlib(std.time.now)
                args: []
            body:
              LetIn(n17):
                pat:
                  Bind: elapsedMs
                value:
                  Call(n18):
                    callee:
                      Symbol(n19): Stdlib(std.time.diffMs)
                    args:
                      -
                        Field(n20).lastRefill:
                          Local(n21): __state
                      -
                        Local(n22): now
                body:
                  LetIn(n23):
                    pat:
                      Bind: elapsed
                    value:
                      Call(n24):
                        callee:
                          Symbol(n25): Stdlib(std.float.div)
                        args:
                          -
                            Call(n26):
                              callee:
                                Symbol(n27): Stdlib(std.float.fromInt)
                              args:
                                -
                                  Local(n28): elapsedMs
                          -
                            Lit(n29): Float(1000)
                    body:
                      LetIn(n30):
                        pat:
                          Bind: refilled
                        value:
                          Call(n31):
                            callee:
                              Symbol(n32): Stdlib(std.float.add)
                            args:
                              -
                                Field(n33).tokens:
                                  Local(n34): __state
                              -
                                Call(n35):
                                  callee:
                                    Symbol(n36): Stdlib(std.float.mul)
                                  args:
                                    -
                                      Local(n37): elapsed
                                    -
                                      Field(n38).refillRate:
                                        Local(n39): __state
                        body:
                          LetIn(n40):
                            pat:
                              Bind: capped
                            value:
                              Match(n41):
                                scrutinee:
                                  Call(n42):
                                    callee:
                                      Symbol(n43): Stdlib(std.op.gt)
                                    args:
                                      -
                                        Local(n44): refilled
                                      -
                                        Call(n45):
                                          callee:
                                            Symbol(n46): Stdlib(std.float.fromInt)
                                          args:
                                            -
                                              Field(n47).capacity:
                                                Local(n48): __state
                                arms:
                                  -
                                    pat:
                                      Lit: Bool(true)
                                    body:
                                      Call(n49):
                                        callee:
                                          Symbol(n50): Stdlib(std.float.fromInt)
                                        args:
                                          -
                                            Field(n51).capacity:
                                              Local(n52): __state
                                  -
                                    pat:
                                      Lit: Bool(false)
                                    body:
                                      Local(n53): refilled
                            body:
                              Block(n54):
                                Assign(n55) -> StateField(lastRefill):
                                  Local(n56): now
                                Match(n57):
                                  scrutinee:
                                    Call(n58):
                                      callee:
                                        Symbol(n59): Stdlib(std.op.ge)
                                      args:
                                        -
                                          Local(n60): capped
                                        -
                                          Lit(n61): Float(1)
                                  arms:
                                    -
                                      pat:
                                        Lit: Bool(true)
                                      body:
                                        Block(n62):
                                          Assign(n63) -> StateField(tokens):
                                            Call(n64):
                                              callee:
                                                Symbol(n65): Stdlib(std.float.sub)
                                              args:
                                                -
                                                  Local(n66): capped
                                                -
                                                  Lit(n67): Float(1)
                                          Lit(n68): Bool(true)
                                    -
                                      pat:
                                        Lit: Bool(false)
                                      body:
                                        Block(n69):
                                          Assign(n70) -> StateField(tokens):
                                            Local(n71): capped
                                          Lit(n72): Bool(false)
  - kind: actor
    name: Collector
    pub: false
    state_fields:
      - name: received
        ty: Con(0)
      - name: totalAllowed
        ty: Con(0)
      - name: totalDenied
        ty: Con(0)
    init: null
    terminate: null
    handlers:
      - message: report
        caps: CapabilitySet(1)
        ret_ty: Con(4)
        params:
          - name: allowed
            ty: Con(0)
          - name: denied
            ty: Con(0)
        body:
          Block(n73):
            Assign(n74) -> StateField(totalAllowed):
              Call(n75):
                callee:
                  Symbol(n76): Stdlib(std.int.add)
                args:
                  -
                    Field(n77).totalAllowed:
                      Local(n78): __state
                  -
                    Local(n79): allowed
            Block(n80):
              Assign(n81) -> StateField(totalDenied):
                Call(n82):
                  callee:
                    Symbol(n83): Stdlib(std.int.add)
                  args:
                    -
                      Field(n84).totalDenied:
                        Local(n85): __state
                    -
                      Local(n86): denied
              Block(n87):
                Assign(n88) -> StateField(received):
                  Call(n89):
                    callee:
                      Symbol(n90): Stdlib(std.int.add)
                    args:
                      -
                        Field(n91).received:
                          Local(n92): __state
                      -
                        Lit(n93): Int(1)
                Match(n94):
                  scrutinee:
                    Call(n95):
                      callee:
                        Symbol(n96): Stdlib(std.op.eq)
                      args:
                        -
                          Field(n97).received:
                            Local(n98): __state
                        -
                          Lit(n99): Int(5)
                  arms:
                    -
                      pat:
                        Lit: Bool(true)
                      body:
                        Block(n100):
                          Call(n101):
                            callee:
                              Symbol(n102): Stdlib(std.io.eprintln)
                            args:
                              -
                                Call(n103):
                                  callee:
                                    Symbol(n104): Stdlib(std.text.concat)
                                  args:
                                    -
                                      Lit(n105): Text("  Allowed : ")
                                    -
                                      Call(n106):
                                        callee:
                                          Symbol(n107): Stdlib(std.int.toText)
                                        args:
                                          -
                                            Field(n108).totalAllowed:
                                              Local(n109): __state
                          Block(n110):
                            Call(n111):
                              callee:
                                Symbol(n112): Stdlib(std.io.eprintln)
                              args:
                                -
                                  Call(n113):
                                    callee:
                                      Symbol(n114): Stdlib(std.text.concat)
                                    args:
                                      -
                                        Lit(n115): Text("  Denied  : ")
                                      -
                                        Call(n116):
                                          callee:
                                            Symbol(n117): Stdlib(std.int.toText)
                                          args:
                                            -
                                              Field(n118).totalDenied:
                                                Local(n119): __state
                            Block(n120):
                              Call(n121):
                                callee:
                                  Symbol(n122): Stdlib(std.io.println)
                                args:
                                  -
                                    Lit(n123): Text("-- Rate limiter results --------------")
                              Call(n124):
                                callee:
                                  Symbol(n125): Stdlib(std.io.println)
                                args:
                                  -
                                    Call(n126):
                                      callee:
                                        Symbol(n127): Stdlib(std.text.concat)
                                      args:
                                        -
                                          Lit(n128): Text("  Total   : ")
                                        -
                                          Call(n129):
                                            callee:
                                              Symbol(n130): Stdlib(std.int.toText)
                                            args:
                                              -
                                                Call(n131):
                                                  callee:
                                                    Symbol(n132): Stdlib(std.int.add)
                                                  args:
                                                    -
                                                      Field(n133).totalAllowed:
                                                        Local(n134): __state
                                                    -
                                                      Field(n135).totalDenied:
                                                        Local(n136): __state
                    -
                      pat:
                        Lit: Bool(false)
                      body:
                        Lit(n137): Unit
  - kind: const
    name: requestsPerWorker
    ty: Con(0)
    value:
      Lit(n138): Int(20)
  - kind: actor
    name: Worker
    pub: false
    state_fields:
      - name: workerId
        ty: Con(0)
      - name: limiter
        ty: Con(11) [Con(107)]
      - name: collector
        ty: Con(11) [Con(108)]
    init:
      caps: CapabilitySet(0)
      params:
        - name: id
          ty: Con(0)
        - name: l
          ty: Con(11) [Con(107)]
        - name: col
          ty: Con(11) [Con(108)]
      body:
        Block(n139):
          Assign(n140) -> StateField(workerId):
            Local(n141): id
          Block(n142):
            Assign(n143) -> StateField(limiter):
              Local(n144): l
            Assign(n145) -> StateField(collector):
              Local(n146): col
    terminate: null
    handlers:
      - message: run
        caps: CapabilitySet(25)
        ret_ty: Con(4)
        params: []
        body:
          LetIn(n147):
            pat:
              Bind: sendRequests
            value:
              Lambda(n148):
                caps: CapabilitySet(0)
                params:
                  - name: remaining
                    ty: Con(0)
                  - name: allowed
                    ty: Con(0)
                  - name: denied
                    ty: Con(0)
                body:
                  Match(n149):
                    scrutinee:
                      Call(n150):
                        callee:
                          Symbol(n151): Stdlib(std.op.gt)
                        args:
                          -
                            Local(n152): remaining
                          -
                            Lit(n153): Int(0)
                    arms:
                      -
                        pat:
                          Lit: Bool(true)
                        body:
                          LetIn(n154):
                            pat:
                              Bind: delayMs
                            value:
                              Call(n155):
                                callee:
                                  Symbol(n156): Stdlib(std.random.int)
                                args:
                                  -
                                    Lit(n157): Int(0)
                                  -
                                    Lit(n158): Int(50)
                            body:
                              Block(n159):
                                Call(n160):
                                  callee:
                                    Symbol(n161): Stdlib(std.time.sleep)
                                  args:
                                    -
                                      Local(n162): delayMs
                                LetIn(n163):
                                  pat:
                                    Bind: granted
                                  value:
                                    Ask(n164) ?> Handler(m0..allow):
                                      handle:
                                        Field(n165).limiter:
                                          Local(n166): __state
                                  body:
                                    Match(n167):
                                      scrutinee:
                                        Local(n168): granted
                                      arms:
                                        -
                                          pat:
                                            Lit: Bool(true)
                                          body:
                                            Call(n169):
                                              callee:
                                                Local(n170): sendRequests
                                              args:
                                                -
                                                  Call(n171):
                                                    callee:
                                                      Symbol(n172): Stdlib(std.int.sub)
                                                    args:
                                                      -
                                                        Local(n173): remaining
                                                      -
                                                        Lit(n174): Int(1)
                                                -
                                                  Call(n175):
                                                    callee:
                                                      Symbol(n176): Stdlib(std.int.add)
                                                    args:
                                                      -
                                                        Local(n177): allowed
                                                      -
                                                        Lit(n178): Int(1)
                                                -
                                                  Local(n179): denied
                                        -
                                          pat:
                                            Lit: Bool(false)
                                          body:
                                            Call(n180):
                                              callee:
                                                Local(n181): sendRequests
                                              args:
                                                -
                                                  Call(n182):
                                                    callee:
                                                      Symbol(n183): Stdlib(std.int.sub)
                                                    args:
                                                      -
                                                        Local(n184): remaining
                                                      -
                                                        Lit(n185): Int(1)
                                                -
                                                  Local(n186): allowed
                                                -
                                                  Call(n187):
                                                    callee:
                                                      Symbol(n188): Stdlib(std.int.add)
                                                    args:
                                                      -
                                                        Local(n189): denied
                                                      -
                                                        Lit(n190): Int(1)
                      -
                        pat:
                          Lit: Bool(false)
                        body:
                          Return(n191):
                            Send(n192) ! Handler(m0..report):
                              handle:
                                Field(n193).collector:
                                  Local(n194): __state
                              args:
                                Local(n195): allowed
                                Local(n196): denied
            body:
              Call(n197):
                callee:
                  Local(n198): sendRequests
                args:
                  -
                    Symbol(n199): Local(requestsPerWorker @ m0)
                  -
                    Lit(n200): Int(0)
                  -
                    Lit(n201): Int(0)
  - kind: fn
    name: main
    pub: false
    main: true
    caps: CapabilitySet(137)
    ret_ty: Con(10) [Con(4), Con(12)]
    params: []
    body:
      LetIn(n202):
        pat:
          Bind: limiter
        value:
          Spawn(n203) ActorType(Limiter @ m0):
            args:
              Lit(n204): Int(10)
              Lit(n205): Float(2)
        body:
          LetIn(n206):
            pat:
              Bind: collector
            value:
              Spawn(n207) ActorType(Collector @ m0):
                args: []
            body:
              LetIn(n208):
                pat:
                  Bind: workers
                value:
                  Call(n209):
                    callee:
                      Symbol(n210): Stdlib(std.list.map)
                    args:
                      -
                        Lambda(n211):
                          caps: CapabilitySet(0)
                          params:
                            - name: id
                              ty: Con(0)
                          body:
                            Spawn(n212) ActorType(Worker @ m0):
                              args:
                                Local(n213): id
                                Local(n214): limiter
                                Local(n215): collector
                      -
                        Call(n216):
                          callee:
                            Symbol(n217): Stdlib(std.list.range)
                          args:
                            -
                              Lit(n218): Int(1)
                            -
                              Lit(n219): Int(5)
                body:
                  Block(n220):
                    Call(n221):
                      callee:
                        Symbol(n222): Stdlib(std.list.forEach)
                      args:
                        -
                          Lambda(n223):
                            caps: CapabilitySet(0)
                            params:
                              - name: w
                                ty: Con(11) [Con(109)]
                            body:
                              Send(n224) ! Handler(m0..run):
                                handle:
                                  Local(n225): w
                        -
                          Local(n226): workers
                    Block(n227):
                      Call(n228):
                        callee:
                          Symbol(n229): Stdlib(std.time.sleep)
                        args:
                          -
                            Lit(n230): Int(6000)
                      Block(n231):
                        Call(n232):
                          callee:
                            Symbol(n233): Stdlib(std.io.println)
                          args:
                            -
                              Lit(n234): Text("Done.")
                        Call(n235):
                          callee:
                            Symbol(n236): Prelude(Ok)
                          args:
                            -
                              Lit(n237): Unit
