---
source: crates/ridge-parser/tests/snapshots.rs
expression: result.module
---
Module {
    items: [
        Fn(
            FnDecl {
                attrs: [
                    Test {
                        name: "my test",
                        span: Span {
                            start: 0,
                            end: 15,
                        },
                    },
                ],
                vis: Private,
                caps: [],
                name: Ident {
                    text: "check_things",
                    span: Span {
                        start: 19,
                        end: 31,
                    },
                },
                params: [],
                ret: Some(
                    App {
                        head: Ident {
                            text: "Result",
                            span: Span {
                                start: 38,
                                end: 44,
                            },
                        },
                        args: [
                            Primitive {
                                name: Unit,
                                span: Span {
                                    start: 45,
                                    end: 49,
                                },
                            },
                            Primitive {
                                name: Text,
                                span: Span {
                                    start: 50,
                                    end: 54,
                                },
                            },
                        ],
                        span: Span {
                            start: 38,
                            end: 54,
                        },
                    },
                ),
                constraints: [],
                body: Expr(
                    Call {
                        callee: Record {
                            constructor: Bare(
                                Ident {
                                    text: "Ok",
                                    span: Span {
                                        start: 57,
                                        end: 59,
                                    },
                                },
                            ),
                            fields: [],
                            span: Span {
                                start: 57,
                                end: 59,
                            },
                        },
                        args: [
                            Unit(
                                Span {
                                    start: 60,
                                    end: 62,
                                },
                            ),
                        ],
                        span: Span {
                            start: 57,
                            end: 62,
                        },
                    },
                ),
                span: Span {
                    start: 16,
                    end: 62,
                },
                doc: None,
            },
        ),
    ],
    doc: [],
    span: Span {
        start: 0,
        end: 63,
    },
}
