---
source: crates/ridge-resolve/tests/snapshots.rs
expression: snap
---
ResolvedSnapshot {
    errors: [],
    nid_count: 771,
    stamped_bindings: 187,
    binding_kind_counts: {
        "Local": 120,
        "ModuleSymbol": 26,
        "StdlibSymbol": 41,
    },
    import_aliases: [
        "<bare> -> BuiltinStdlib(0)",
        "<bare> -> BuiltinStdlib(17)",
        "<bare> -> BuiltinStdlib(22)",
        "<bare> -> BuiltinStdlib(7)",
        "<bare> -> BuiltinStdlib(8)",
        "Cli -> BuiltinStdlib(14)",
        "Io -> BuiltinStdlib(9)",
        "List -> BuiltinStdlib(4)",
        "Option -> BuiltinStdlib(7)",
        "Time -> BuiltinStdlib(11)",
    ],
}
